// Jest Snapshot v1, https://goo.gl/fbAQLP

exports[`Calculator component renders calculator page correctly 1`] = `
<div
  className="main-calculator"
>
  <h1>
    Let's do some math!
  </h1>
  <div
    className="main-calc"
  >
    <div
      className="display"
    >
      <span>
        0
      </span>
    </div>
    <div
      className="main-div"
    >
      <div
        className="group-row"
      >
        <button
          className={null}
          onClick={[Function]}
          style={
            Object {
              "backgroundColor": null,
              "width": "25%",
            }
          }
          type="button"
        >
          AC
        </button>
        <button
          className={null}
          onClick={[Function]}
          style={
            Object {
              "backgroundColor": null,
              "width": "25%",
            }
          }
          type="button"
        >
          +/-
        </button>
        <button
          className={null}
          onClick={[Function]}
          style={
            Object {
              "backgroundColor": null,
              "width": "25%",
            }
          }
          type="button"
        >
          %
        </button>
        <button
          className="#F5913E"
          onClick={[Function]}
          style={
            Object {
              "backgroundColor": "#F5913E",
              "width": "25%",
            }
          }
          type="button"
        >
          รท
        </button>
      </div>
      <div
        className="group-row"
      >
        <button
          className={null}
          onClick={[Function]}
          style={
            Object {
              "backgroundColor": null,
              "width": "25%",
            }
          }
          type="button"
        >
          7
        </button>
        <button
          className={null}
          onClick={[Function]}
          style={
            Object {
              "backgroundColor": null,
              "width": "25%",
            }
          }
          type="button"
        >
          8
        </button>
        <button
          className={null}
          onClick={[Function]}
          style={
            Object {
              "backgroundColor": null,
              "width": "25%",
            }
          }
          type="button"
        >
          9
        </button>
        <button
          className="#F5913E"
          onClick={[Function]}
          style={
            Object {
              "backgroundColor": "#F5913E",
              "width": "25%",
            }
          }
          type="button"
        >
          x
        </button>
      </div>
      <div
        className="group-row"
      >
        <button
          className={null}
          onClick={[Function]}
          style={
            Object {
              "backgroundColor": null,
              "width": "25%",
            }
          }
          type="button"
        >
          4
        </button>
        <button
          className={null}
          onClick={[Function]}
          style={
            Object {
              "backgroundColor": null,
              "width": "25%",
            }
          }
          type="button"
        >
          5
        </button>
        <button
          className={null}
          onClick={[Function]}
          style={
            Object {
              "backgroundColor": null,
              "width": "25%",
            }
          }
          type="button"
        >
          6
        </button>
        <button
          className="#F5913E"
          onClick={[Function]}
          style={
            Object {
              "backgroundColor": "#F5913E",
              "width": "25%",
            }
          }
          type="button"
        >
          -
        </button>
      </div>
      <div
        className="group-row"
      >
        <button
          className={null}
          onClick={[Function]}
          style={
            Object {
              "backgroundColor": null,
              "width": "25%",
            }
          }
          type="button"
        >
          1
        </button>
        <button
          className={null}
          onClick={[Function]}
          style={
            Object {
              "backgroundColor": null,
              "width": "25%",
            }
          }
          type="button"
        >
          2
        </button>
        <button
          className={null}
          onClick={[Function]}
          style={
            Object {
              "backgroundColor": null,
              "width": "25%",
            }
          }
          type="button"
        >
          3
        </button>
        <button
          className="#F5913E"
          onClick={[Function]}
          style={
            Object {
              "backgroundColor": "#F5913E",
              "width": "25%",
            }
          }
          type="button"
        >
          +
        </button>
      </div>
      <div
        className="group-row"
      >
        <button
          className={null}
          onClick={[Function]}
          style={
            Object {
              "backgroundColor": null,
              "width": "50%",
            }
          }
          type="button"
        >
          0
        </button>
        <button
          className={null}
          onClick={[Function]}
          style={
            Object {
              "backgroundColor": null,
              "width": "25%",
            }
          }
          type="button"
        >
          .
        </button>
        <button
          className="#F5913E"
          onClick={[Function]}
          style={
            Object {
              "backgroundColor": "#F5913E",
              "width": "25%",
            }
          }
          type="button"
        >
          =
        </button>
      </div>
    </div>
  </div>
</div>
`;
