// Jest Snapshot v1, https://goo.gl/fbAQLP

exports[`Quote Component renders correctly 1`] = `[Function]`;
