// Jest Snapshot v1, https://goo.gl/fbAQLP

exports[`Routes Component renders Routes page correctly 1`] = `
Array [
  <div
    className="nav"
  >
    <nav>
      <div
        className="title"
      >
        <h1>
          <a
            href="/"
            onClick={[Function]}
          >
            Math Magicians
          </a>
        </h1>
      </div>
      <div
        className="navLink"
      >
        <div>
          <a
            href="/"
            onClick={[Function]}
          >
            Home
          </a>
        </div>
        <div>
          <a
            href="/calculator"
            onClick={[Function]}
          >
            Calculator
          </a>
        </div>
        <div>
          <a
            href="/quote"
            onClick={[Function]}
          >
            Quote
          </a>
        </div>
      </div>
    </nav>
  </div>,
  <div
    data-testid="page-wrapper"
  >
    <div
      className="home"
    >
      <h1>
        Welcome to our Page!
      </h1>
      <p>
        Lorem ipsum dolor sit amet, consectetur adipisicing elit, sed do eiusmod tempor incididunt ut labore et dolore magna aliqua. Ut enim ad minim veniam, quis nostrud exercitation ullamco laboris nisi ut aliquip ex ea commodo consequat. Duis aute irure dolor in reprehenderit in voluptate velit esse cillum dolore eu fugiat nulla pariatur. Excepteur sint occaecat cupidatat non proident, sunt in culpa qui o!cia deserunt mollit anim id est laborum. Ipsu
      </p>
      <p>
        Lorem ipsum dolor sit amet, consectetur adipisicing elit, sed do eiusmod tempor incididunt ut labore et dolore magna aliqua. Ut enim ad minim veniam, quis nostrud exercitation ullamco laboris nisi ut aliquip ex ea commodo consequat. Duis aute irure dolor in reprehenderit in voluptate velit esse cillum dolore eu fugiat nulla pariatur. Excepteur sint occaecat cupidatat non proident, sunt in culpa qui o!cia deserunt mollit anim id est laborum. Ipsu
      </p>
    </div>
  </div>,
]
`;
